// Jest Snapshot v1, https://goo.gl/fbAQLP

exports[`Country Population component CountryPopulation component renders correctly 1`] = `ShallowWrapper {}`;
